// Jest Snapshot v1, https://goo.gl/fbAQLP

exports[`renders Form wrapper without crashing 1`] = `ShallowWrapper {}`;
