// Jest Snapshot v1, https://goo.gl/fbAQLP

exports[`renders Titles wrapper without crashing 1`] = `ShallowWrapper {}`;
