// Jest Snapshot v1, https://goo.gl/fbAQLP

exports[`renders Weather wrapper without crashing 1`] = `ShallowWrapper {}`;
